// Jest Snapshot v1, https://goo.gl/fbAQLP

exports[`renders component correctly 1`] = `
<div
  className="Tabs"
>
  <ul
    className="Tabs__list"
  >
    <Tab
      isActive={true}
      key=".0"
      onClick={[Function]}
      tabIndex={0}
    >
      Tab 1
    </Tab>
    <Tab
      isActive={false}
      key=".1"
      onClick={[Function]}
      tabIndex={1}
    >
      Tab 2
    </Tab>
    <Tab
      isActive={false}
      key=".2"
      onClick={[Function]}
      tabIndex={2}
    >
      Tab 3
    </Tab>
  </ul>
  <div
    className="Tabs__active-content"
  >
    Tab 1
  </div>
</div>
`;
